2026-05-13 15:24:29.111 [info] Reading sessions from keychain...
2026-05-13 15:24:29.111 [info] Getting sessions for all scopes...
2026-05-13 15:24:29.111 [info] Got 0 sessions for ...
2026-05-13 15:24:29.111 [info] Getting sessions for all scopes...
2026-05-13 15:24:29.111 [info] Got 0 sessions for ...
2026-05-13 15:24:29.111 [info] Getting sessions for all scopes...
2026-05-13 15:24:29.111 [info] Got 0 sessions for ...
2026-05-13 15:24:29.132 [info] Getting sessions for all scopes...
2026-05-13 15:24:29.132 [info] Got 0 sessions for ...
2026-05-13 15:25:00.817 [info] Getting sessions for read:user,repo,user:email,workflow...
2026-05-13 15:25:00.817 [info] Got 0 sessions for read:user,repo,user:email,workflow...
2026-05-13 15:25:03.390 [info] Logging in with 'any' account...
2026-05-13 15:25:03.390 [info] Logging in for the following scopes: read:user repo user:email workflow
2026-05-13 15:25:03.563 [info] Trying device code flow... (read:user repo user:email workflow)
2026-05-13 15:25:41.617 [info] Getting user info...
2026-05-13 15:25:42.058 [info] Got account info!
2026-05-13 15:25:42.059 [info] Storing 1 sessions...
2026-05-13 15:25:42.143 [info] Reading sessions from keychain...
2026-05-13 15:25:42.143 [info] Stored 1 sessions!
2026-05-13 15:25:42.143 [info] Login success!
2026-05-13 15:25:42.233 [info] Got stored sessions!
2026-05-13 15:25:42.233 [info] Got 1 verified sessions.
2026-05-13 15:25:42.342 [info] Getting sessions for all scopes...
2026-05-13 15:25:42.342 [info] Got 1 sessions for ...
2026-05-13 15:25:42.425 [info] Getting sessions for all scopes...
2026-05-13 15:25:42.425 [info] Got 1 sessions for ...
2026-05-13 15:29:10.248 [info] Getting sessions for read:user,repo,user:email,workflow...
2026-05-13 15:29:10.249 [info] Got 1 sessions for read:user,repo,user:email,workflow...
2026-05-13 15:47:35.077 [info] Getting sessions for read:user,repo,user:email,workflow...
2026-05-13 15:47:35.077 [info] Got 1 sessions for read:user,repo,user:email,workflow...
2026-05-13 15:53:37.551 [info] Getting sessions for read:user,repo,user:email,workflow...
2026-05-13 15:53:37.551 [info] Got 1 sessions for read:user,repo,user:email,workflow...
