Initializing document watcher...
Document watcher initialized
/User/settings.json: Using EditorConfig core...
/User/settings.json: Using EditorConfig core...
/User/settings.json: Target charset is not set
sunidhinaik_kpmg/plan-navigator/backend/app/main.py: {"tabSize":4,"indentSize":4,"insertSpaces":true,"cursorStyle":1,"lineNumbers":1}
sunidhinaik_kpmg/plan-navigator/backend/app/main.py: Using EditorConfig core...
plan-navigator/backend/app/main.py: Target charset is not set
sunidhinaik_kpmg/.vscode/settings.json: Using EditorConfig core...
sunidhinaik_kpmg/.vscode/settings.json: Using EditorConfig core...
.vscode/settings.json: Target charset is not set
sunidhinaik_kpmg/.vscode/settings.json: {"tabSize":4,"indentSize":4,"insertSpaces":true,"cursorStyle":1,"lineNumbers":1}
sunidhinaik_kpmg/.vscode/settings.json: Using EditorConfig core...
.vscode/settings.json: Target charset is not set
No more open editors.
No more open editors.
No more open editors.
No more open editors.
No more open editors.
No more open editors.
No more open editors.
No more open editors.
